// Jest Snapshot v1, https://goo.gl/fbAQLP

exports[`Day snapshot renders correctly 1`] = `
<View
  style={
    Array [
      Object {
        "marginLeft": 15,
        "marginRight": 15,
      },
      undefined,
      Object {
        "flex": 1,
        "height": 107.14285714285714,
        "marginLeft": 0,
        "marginRight": 0,
        "opacity": 1,
        "width": 107.14285714285714,
      },
      undefined,
    ]
  }
>
  <View
    accessibilityComponentType={undefined}
    accessibilityLabel={undefined}
    accessibilityTraits={undefined}
    accessible={true}
    hasTVPreferredFocus={undefined}
    hitSlop={undefined}
    isTVSelectable={true}
    nativeID={undefined}
    onLayout={undefined}
    onResponderGrant={[Function]}
    onResponderMove={[Function]}
    onResponderRelease={[Function]}
    onResponderTerminate={[Function]}
    onResponderTerminationRequest={[Function]}
    onStartShouldSetResponder={[Function]}
    style={null}
    testID={undefined}
    tvParallaxProperties={undefined}
  >
    <View
      pointerEvents="box-only"
      style={
        Array [
          Object {
            "alignItems": "center",
            "backgroundColor": "#9E9E9E",
            "flexDirection": "row",
            "justifyContent": "center",
            "padding": 19,
          },
          undefined,
          undefined,
          undefined,
          undefined,
          undefined,
          Object {
            "backgroundColor": "transparent",
          },
          undefined,
          Object {
            "padding": 12,
          },
          undefined,
          undefined,
          undefined,
          Object {
            "flex": 1,
          },
          undefined,
          undefined,
        ]
      }
    >
      <Text
        accessible={true}
        allowFontScaling={true}
        ellipsizeMode="tail"
        style={
          Array [
            Object {},
            undefined,
            undefined,
            undefined,
            undefined,
            undefined,
            undefined,
            undefined,
            undefined,
            undefined,
            Array [
              Object {
                "color": "white",
                "fontSize": 20,
              },
              undefined,
              Object {
                "fontSize": 17.5,
              },
              undefined,
              Object {
                "color": "#444",
              },
              undefined,
              undefined,
              undefined,
            ],
          ]
        }
      >
        19
      </Text>
    </View>
  </View>
</View>
`;
