// Jest Snapshot v1, https://goo.gl/fbAQLP

exports[`Testing MotivationScreen renders correctly 1`] = `
<View
  style={
    Object {
      "backgroundColor": "#fff",
      "flex": 1,
      "flexDirection": "column",
      "justifyContent": "space-between",
    }
  }
>
  <View
    style={
      Object {
        "backgroundColor": "#fff",
        "marginHorizontal": 20,
      }
    }
  >
    <View
      accessibilityComponentType={undefined}
      accessibilityLabel={undefined}
      accessibilityTraits={undefined}
      accessible={true}
      hasTVPreferredFocus={undefined}
      hitSlop={undefined}
      isTVSelectable={true}
      nativeID={undefined}
      onLayout={undefined}
      onResponderGrant={[Function]}
      onResponderMove={[Function]}
      onResponderRelease={[Function]}
      onResponderTerminate={[Function]}
      onResponderTerminationRequest={[Function]}
      onStartShouldSetResponder={[Function]}
      style={
        Object {
          "backgroundColor": "rgba(40,200,40, 1)",
          "borderRadius": 10,
          "elevation": 3,
          "marginVertical": 10,
          "paddingVertical": 20,
        }
      }
      testID={undefined}
      tvParallaxProperties={undefined}
    >
      <Text
        accessible={true}
        allowFontScaling={true}
        ellipsizeMode="tail"
        style={
          Object {
            "color": "#fff",
            "fontSize": 24,
            "textAlign": "center",
          }
        }
      >
        Legg til nytt mål
      </Text>
    </View>
  </View>
  <Modal
    animationType="slide"
    hardwareAccelerated={false}
    onRequestClose={[Function]}
    style={
      Object {
        "backgroundColor": "#ffffff",
        "elevation": 20,
        "flex": 1,
        "marginHorizontal": 20,
        "marginVertical": 25,
      }
    }
    transparent={true}
    visible={false}
  >
    <View
      style={
        Object {
          "backgroundColor": "#ffffff",
          "elevation": 20,
          "flex": 1,
          "marginHorizontal": 20,
          "marginVertical": 25,
        }
      }
    >
      <Text
        accessible={true}
        allowFontScaling={true}
        ellipsizeMode="tail"
        style={
          Object {
            "alignItems": "center",
            "fontSize": 16,
            "textAlign": "center",
          }
        }
      >
        Nytt mål
      </Text>
      <TextInput
        allowFontScaling={true}
        onChangeText={[Function]}
        placeholder="Målbeskrivelse"
        style={
          Object {
            "borderRadius": 5,
            "fontSize": 20,
            "height": 30,
            "marginBottom": 30,
            "marginHorizontal": 30,
            "marginVertical": 20,
            "paddingBottom": 5,
            "paddingHorizontal": 5,
          }
        }
        value=""
      />
      <View
        style={
          Object {
            "flexDirection": "row",
            "height": 100,
            "justifyContent": "space-between",
            "marginHorizontal": 20,
          }
        }
      >
        <View
          accessibilityComponentType={undefined}
          accessibilityLabel={undefined}
          accessibilityTraits={undefined}
          accessible={true}
          hasTVPreferredFocus={undefined}
          hitSlop={undefined}
          isTVSelectable={true}
          nativeID={undefined}
          onLayout={undefined}
          onResponderGrant={[Function]}
          onResponderMove={[Function]}
          onResponderRelease={[Function]}
          onResponderTerminate={[Function]}
          onResponderTerminationRequest={[Function]}
          onStartShouldSetResponder={[Function]}
          style={
            Object {
              "backgroundColor": "rgba(40,200,40, 1)",
              "borderRadius": 10,
              "elevation": 3,
              "paddingVertical": 20,
              "width": 120,
            }
          }
          testID={undefined}
          tvParallaxProperties={undefined}
        >
          <Text
            accessible={true}
            allowFontScaling={true}
            ellipsizeMode="tail"
            style={
              Object {
                "color": "#fff",
                "fontSize": 24,
                "textAlign": "center",
              }
            }
          >
            Opprett
          </Text>
        </View>
        <View
          accessibilityComponentType={undefined}
          accessibilityLabel={undefined}
          accessibilityTraits={undefined}
          accessible={true}
          hasTVPreferredFocus={undefined}
          hitSlop={undefined}
          isTVSelectable={true}
          nativeID={undefined}
          onLayout={undefined}
          onResponderGrant={[Function]}
          onResponderMove={[Function]}
          onResponderRelease={[Function]}
          onResponderTerminate={[Function]}
          onResponderTerminationRequest={[Function]}
          onStartShouldSetResponder={[Function]}
          style={
            Object {
              "backgroundColor": "rgba(255,200,40, 1)",
              "borderRadius": 10,
              "elevation": 3,
              "paddingVertical": 20,
              "width": 120,
            }
          }
          testID={undefined}
          tvParallaxProperties={undefined}
        >
          <Text
            accessible={true}
            allowFontScaling={true}
            ellipsizeMode="tail"
            style={
              Object {
                "color": "#fff",
                "fontSize": 24,
                "textAlign": "center",
              }
            }
          >
            Avbryt
          </Text>
        </View>
      </View>
    </View>
  </Modal>
</View>
`;
