// Jest Snapshot v1, https://goo.gl/fbAQLP

exports[`Testing todo renders correctly 1`] = `null`;
