// Jest Snapshot v1, https://goo.gl/fbAQLP

exports[`renders correctly 1`] = `
<View
  style={
    Array [
      Object {
        "backgroundColor": "white",
        "borderColor": "#e1e8ee",
        "borderWidth": 1,
        "margin": 15,
        "marginBottom": 0,
        "padding": 15,
        "shadowColor": "rgba(0,0,0, .2)",
        "shadowOffset": Object {
          "height": 0,
          "width": 0,
        },
        "shadowOpacity": 1,
        "shadowRadius": 1,
      },
      undefined,
      Object {
        "borderRadius": 6,
      },
    ]
  }
>
  <View
    style={
      Array [
        Object {
          "backgroundColor": "transparent",
        },
        undefined,
        undefined,
      ]
    }
  >
    <View
      style={
        Object {
          "flexDirection": "row",
          "justifyContent": "space-between",
        }
      }
    >
      <View />
      <Text
        accessible={true}
        allowFontScaling={true}
        ellipsizeMode="tail"
        style={
          Object {
            "flexGrow": 1,
            "fontWeight": "bold",
          }
        }
      >
        title
      </Text>
      <View
        accessibilityComponentType={undefined}
        accessibilityLabel="Press to remove task from list"
        accessibilityTraits={undefined}
        accessible={true}
        hasTVPreferredFocus={undefined}
        hitSlop={undefined}
        isTVSelectable={true}
        nativeID={undefined}
        onLayout={undefined}
        onResponderGrant={[Function]}
        onResponderMove={[Function]}
        onResponderRelease={[Function]}
        onResponderTerminate={[Function]}
        onResponderTerminationRequest={[Function]}
        onStartShouldSetResponder={[Function]}
        style={
          Array [
            false,
            false,
            false,
            Object {
              "alignItems": "center",
              "backgroundColor": "transparent",
              "justifyContent": "center",
            },
            undefined,
          ]
        }
        testID={undefined}
        tvParallaxProperties={undefined}
      >
        <Text
          accessible={true}
          allowFontScaling={false}
          ellipsizeMode="tail"
          style={
            Array [
              Object {
                "color": "#e5547b",
                "fontSize": 24,
              },
              Array [
                Object {
                  "backgroundColor": "transparent",
                },
                undefined,
              ],
              Object {
                "fontFamily": "Material Icons",
                "fontStyle": "normal",
                "fontWeight": "normal",
              },
            ]
          }
        >
          
        </Text>
      </View>
    </View>
    <View
      style={
        Array [
          Object {
            "backgroundColor": "#e1e8ee",
            "height": 1,
          },
          Object {
            "backgroundColor": "#ddd",
            "marginBottom": 5,
            "marginTop": 5,
          },
        ]
      }
    />
    <Text
      accessible={true}
      allowFontScaling={true}
      ellipsizeMode="tail"
      style={
        Object {
          "marginBottom": 10,
        }
      }
    />
    <View
      onPress={undefined}
      style={
        Array [
          Object {
            "margin": 7,
          },
          Object {
            "borderRadius": 16,
            "height": 28,
            "width": 28,
          },
          Object {
            "shadowColor": "rgba(0,0,0, .4)",
            "shadowOffset": Object {
              "height": 1,
              "width": 1,
            },
            "shadowOpacity": 1,
            "shadowRadius": 1,
          },
          Object {
            "alignItems": "center",
            "backgroundColor": "white",
            "justifyContent": "center",
          },
          undefined,
        ]
      }
      underlayColor="white"
    >
      <Text
        accessible={true}
        allowFontScaling={false}
        ellipsizeMode="tail"
        style={
          Array [
            Object {
              "color": "#f50",
              "fontSize": 12,
            },
            Array [
              Object {
                "backgroundColor": "transparent",
              },
              undefined,
            ],
            Object {
              "fontFamily": "Material Icons",
              "fontStyle": "normal",
              "fontWeight": "normal",
            },
          ]
        }
      >
        
      </Text>
    </View>
  </View>
</View>
`;
